[2026-08-23 10:21:45] [INFO] Margin evaluated: Input={'person_income': 5000.0, 'loan_amnt': 1000.0, 'loan_int_rate': 11.0, 'loan_percent_income': 0.2, 'credit_score': 700.0, 'person_home_ownership': 'RENT', 'previous_loan_defaults_on_file': 'No'} Code=1 Margin=2.0239
[2026-08-23 10:21:51] [INFO] Margin evaluated: Input={'person_income': 5000.0, 'loan_amnt': 1000.0, 'loan_int_rate': 11.0, 'loan_percent_income': 0.2, 'credit_score': 100.0, 'person_home_ownership': 'RENT', 'previous_loan_defaults_on_file': 'Yes'} Code=0 Margin=-0.5365
[2026-08-23 10:52:09] [INFO] Margin evaluated: Input={'person_income': 50000.0, 'loan_amnt': 10000.0, 'loan_int_rate': 11.5, 'loan_percent_income': 0.2, 'credit_score': 780.0, 'person_home_ownership': 'RENT', 'previous_loan_defaults_on_file': 'No'} Code=0 Margin=-1.1618
[2026-08-23 10:52:13] [INFO] Margin evaluated: Input={'person_income': 50000.0, 'loan_amnt': 1000.0, 'loan_int_rate': 11.5, 'loan_percent_income': 0.2, 'credit_score': 780.0, 'person_home_ownership': 'RENT', 'previous_loan_defaults_on_file': 'No'} Code=1 Margin=0.0561
[2026-08-23 10:52:20] [INFO] Margin evaluated: Input={'person_income': 50000.0, 'loan_amnt': 1000.0, 'loan_int_rate': 11.5, 'loan_percent_income': 0.2, 'credit_score': 780.0, 'person_home_ownership': 'RENT', 'previous_loan_defaults_on_file': 'Yes'} Code=0 Margin=-0.8194
[2026-08-23 10:52:27] [INFO] Margin evaluated: Input={'person_income': 50000.0, 'loan_amnt': 1000.0, 'loan_int_rate': 11.5, 'loan_percent_income': 0.2, 'credit_score': 900.0, 'person_home_ownership': 'MORTGAGE', 'previous_loan_defaults_on_file': 'Yes'} Code=0 Margin=-0.7155
[2026-08-23 10:52:29] [INFO] Margin evaluated: Input={'person_income': 50000.0, 'loan_amnt': 1000.0, 'loan_int_rate': 11.5, 'loan_percent_income': 0.2, 'credit_score': 900.0, 'person_home_ownership': 'MORTGAGE', 'previous_loan_defaults_on_file': 'No'} Code=0 Margin=-0.7016
[2026-08-23 10:52:30] [INFO] Margin evaluated: Input={'person_income': 50000.0, 'loan_amnt': 1000.0, 'loan_int_rate': 11.5, 'loan_percent_income': 0.2, 'credit_score': 900.0, 'person_home_ownership': 'MORTGAGE', 'previous_loan_defaults_on_file': 'No'} Code=0 Margin=-0.7016
[2026-08-23 10:52:31] [INFO] Margin evaluated: Input={'person_income': 50000.0, 'loan_amnt': 1000.0, 'loan_int_rate': 11.5, 'loan_percent_income': 0.2, 'credit_score': 900.0, 'person_home_ownership': 'MORTGAGE', 'previous_loan_defaults_on_file': 'No'} Code=0 Margin=-0.7016
[2026-08-23 10:52:33] [INFO] Margin evaluated: Input={'person_income': 50000.0, 'loan_amnt': 1000.0, 'loan_int_rate': 11.5, 'loan_percent_income': 0.2, 'credit_score': 900.0, 'person_home_ownership': 'RENT', 'previous_loan_defaults_on_file': 'No'} Code=0 Margin=-0.6374
[2026-08-23 10:52:33] [INFO] Margin evaluated: Input={'person_income': 50000.0, 'loan_amnt': 1000.0, 'loan_int_rate': 11.5, 'loan_percent_income': 0.2, 'credit_score': 900.0, 'person_home_ownership': 'RENT', 'previous_loan_defaults_on_file': 'No'} Code=0 Margin=-0.6374
[2026-08-23 10:52:35] [INFO] Margin evaluated: Input={'person_income': 50000.0, 'loan_amnt': 1000.0, 'loan_int_rate': 11.5, 'loan_percent_income': 0.2, 'credit_score': 900.0, 'person_home_ownership': 'OWN', 'previous_loan_defaults_on_file': 'No'} Code=0 Margin=-0.5517
[2026-08-23 10:52:42] [INFO] Margin evaluated: Input={'person_income': 50000.0, 'loan_amnt': 1000.0, 'loan_int_rate': 11.5, 'loan_percent_income': 0.2, 'credit_score': 700.0, 'person_home_ownership': 'OWN', 'previous_loan_defaults_on_file': 'No'} Code=1 Margin=1.3013
[2026-08-23 10:52:46] [INFO] Margin evaluated: Input={'person_income': 50000.0, 'loan_amnt': 1000.0, 'loan_int_rate': 11.5, 'loan_percent_income': 0.2, 'credit_score': 900.0, 'person_home_ownership': 'OWN', 'previous_loan_defaults_on_file': 'No'} Code=0 Margin=-0.5517
[2026-08-23 10:52:54] [INFO] Margin evaluated: Input={'person_income': 50000.0, 'loan_amnt': 1000.0, 'loan_int_rate': 11.5, 'loan_percent_income': 0.2, 'credit_score': 700.0, 'person_home_ownership': 'OWN', 'previous_loan_defaults_on_file': 'No'} Code=1 Margin=1.3013
[2026-08-23 10:59:21] [INFO] Cleared existing model PKL file.
[2026-08-23 10:59:21] [INFO] Starting training job.
2026-08-23 10:59:21 [INFO] train_model: Loading data
2026-08-23 10:59:21 [INFO] train_model: Validating data
2026-08-23 10:59:21 [INFO] train_model: Testing the model
2026-08-23 10:59:22 [INFO] train_model: Extracting data
2026-08-23 10:59:22 [INFO] train_model: Extracting data
2026-08-23 10:59:22 [INFO] train_model: Pipeline building
2026-08-23 10:59:22 [INFO] train_model: Base SVC Estimator set
2026-08-23 10:59:22 [INFO] train_model: Performing Cross-Validation
2026-08-23 10:59:22 [INFO] train_model: Training the model directly
2026-08-23 11:00:19 [INFO] train_model: Pipeline evaluation
2026-08-23 11:00:22 [INFO] train_model: Generating payload
2026-08-23 11:00:22 [INFO] train_model: Exporting the model
[2026-08-23 11:00:22] [INFO] Retraining completed successfully. New Accuracy: 91.39%
[2026-08-23 11:01:12] [INFO] Margin evaluated: Input={'person_income': 5000.0, 'loan_amnt': 1000.0, 'loan_int_rate': 11.0, 'loan_percent_income': 0.2, 'credit_score': 700.0, 'person_home_ownership': 'RENT', 'previous_loan_defaults_on_file': 'No'} Code=1 Margin=2.0239
[2026-08-23 11:01:15] [INFO] Margin evaluated: Input={'person_income': 5000.0, 'loan_amnt': 1000.0, 'loan_int_rate': 11.0, 'loan_percent_income': 0.2, 'credit_score': 700.0, 'person_home_ownership': 'RENT', 'previous_loan_defaults_on_file': 'Yes'} Code=0 Margin=-0.1153
